uv :    Building mower-rover @ file:///C:/tmp/zero-turn-mower-rover
At line:1 char:1
+ uv run pytest tests/ -v --tb=short 2>&1 | Tee-Object -FilePath pytest ...
+ ~~~~~~~~~~~~~~~~~~~~~~~~~~~~~~~~~~~~~~~
    + CategoryInfo          : NotSpecified: (   Building mow...urn-mower-rover 
   :String) [], RemoteException
    + FullyQualifiedErrorId : NativeCommandError
 
